../Core/Src/sh1106_driver.c:39:9:SH1106_Init	16	static
../Core/Src/sh1106_driver.c:95:6:SH1106_UpdateScreen	16	static
../Core/Src/sh1106_driver.c:108:6:SH1106_ToggleInvert	16	static
../Core/Src/sh1106_driver.c:120:6:SH1106_Fill	16	static
../Core/Src/sh1106_driver.c:125:6:SH1106_DrawPixel	16	static
../Core/Src/sh1106_driver.c:147:6:SH1106_GotoXY	16	static
../Core/Src/sh1106_driver.c:153:6:SH1106_Putc	32	static
../Core/Src/sh1106_driver.c:184:6:SH1106_Puts	24	static
../Core/Src/sh1106_driver.c:202:6:SH1106_DrawLine	40	static
../Core/Src/sh1106_driver.c:286:6:SH1106_DrawRectangle	32	static
../Core/Src/sh1106_driver.c:311:6:SH1106_DrawFilledRectangle	40	static
../Core/Src/sh1106_driver.c:338:6:SH1106_DrawTriangle	32	static
../Core/Src/sh1106_driver.c:346:6:SH1106_DrawFilledTriangle	64	static
../Core/Src/sh1106_driver.c:402:6:SH1106_DrawCircle	40	static
../Core/Src/sh1106_driver.c:436:6:SH1106_DrawFilledCircle	48	static
../Core/Src/sh1106_driver.c:469:6:SH1106_Clear	8	static
../Core/Src/sh1106_driver.c:474:6:SH1106_ON	8	static
../Core/Src/sh1106_driver.c:479:6:SH1106_OFF	8	static
../Core/Src/sh1106_driver.c:485:6:SH1106_I2C_WriteMulti	296	static
../Core/Src/sh1106_driver.c:495:6:SH1106_I2C_Write	32	static
../Core/Src/sh1106_driver.c:502:6:SH1106_InvertDisplay	16	static
../Core/Src/sh1106_driver.c:511:6:SH1106_DrawBitmap	32	static
